// Jest Snapshot v1, https://goo.gl/fbAQLP

exports[`<DropdownMenu /> renders menu 1`] = `
<div
  className="dropdown-menu"
>
  <Connect(Companies) />
  <div
    className="menu-links-wrapper"
  >
    <MenuLink
      icon="phone_iphone"
      text="Get the mobile app"
    />
    <MenuLink
      icon="people"
      text="Community"
    />
    <MenuLink
      icon="book"
      text="Knowledge base"
    />
  </div>
  <div
    className="menu-footer"
  >
    <MenuLink
      icon="settings"
      text="Settings"
    />
    <MenuLink
      icon="exit_to_app"
      text="Log out"
    />
  </div>
</div>
`;
